Note: Google Test filter = PerfTest*
[==========] Running 5 tests from 1 test case.
[----------] Global test environment set-up.
[----------] 5 tests from PerfTest
[ RUN      ] PerfTest.perf_compare_dummy
Summary: orig 22883mb -> 22883mb ratio=1 via none/8192 in 3972 msec. cores/threads = 1/1
ctx switches 230, use(%) 99, user(%) 99, kernel(%) 0
[       OK ] PerfTest.perf_compare_dummy (16780 ms)
[ RUN      ] PerfTest.perf_compare_snappy
Summary: orig 22883mb -> 10287mb ratio=0.449576 via snappy/8192 in 50558 msec. cores/threads = 1/1
ctx switches 2582, use(%) 100, user(%) 99, kernel(%) 0
[       OK ] PerfTest.perf_compare_snappy (63189 ms)
[ RUN      ] PerfTest.perf_compare_isal
Summary: orig 22883mb -> 9458mb ratio=0.41334 via zlib+isal/8192 in 83141 msec. cores/threads = 1/1
ctx switches 4211, use(%) 100, user(%) 99, kernel(%) 0
[       OK ] PerfTest.perf_compare_isal (95754 ms)
[ RUN      ] PerfTest.perf_compare_zlib
Summary: orig 22883mb -> 7512mb ratio=0.328286 via zlib/8192 in 323913 msec. cores/threads = 1/1
ctx switches 19824, use(%) 100, user(%) 98, kernel(%) 1
[       OK ] PerfTest.perf_compare_zlib (410631 ms)
[ RUN      ] PerfTest.perf_compare_qat
Summary: orig 22883mb -> 8086mb ratio=0.353365 via zlib+qat/8192 in 478101 msec. cores/threads = 1/1
ctx switches 18345064, use(%) 38, user(%) 16, kernel(%) 20
[       OK ] PerfTest.perf_compare_qat (493058 ms)
[----------] 5 tests from PerfTest (1079412 ms total)

[----------] Global test environment tear-down
[==========] 5 tests from 1 test case ran. (1079412 ms total)
[  PASSED  ] 5 tests.
Note: Google Test filter = PerfTest*
[==========] Running 5 tests from 1 test case.
[----------] Global test environment set-up.
[----------] 5 tests from PerfTest
[ RUN      ] PerfTest.perf_compare_dummy
Summary: orig 22883mb -> 22883mb ratio=1 via none/16384 in 4688 msec. cores/threads = 1/1
ctx switches 1606, use(%) 100, user(%) 97, kernel(%) 3
[       OK ] PerfTest.perf_compare_dummy (22487 ms)
[ RUN      ] PerfTest.perf_compare_snappy
Summary: orig 22883mb -> 9731mb ratio=0.425288 via snappy/16384 in 54661 msec. cores/threads = 1/1
ctx switches 2939, use(%) 100, user(%) 92, kernel(%) 7
[       OK ] PerfTest.perf_compare_snappy (132860 ms)
[ RUN      ] PerfTest.perf_compare_isal
Summary: orig 22883mb -> 8862mb ratio=0.387299 via zlib+isal/16384 in 75506 msec. cores/threads = 1/1
ctx switches 9425, use(%) 100, user(%) 98, kernel(%) 2
[       OK ] PerfTest.perf_compare_isal (111660 ms)
[ RUN      ] PerfTest.perf_compare_zlib
Summary: orig 22883mb -> 7102mb ratio=0.3104 via zlib/16384 in 279705 msec. cores/threads = 1/1
ctx switches 28689, use(%) 100, user(%) 98, kernel(%) 2
[       OK ] PerfTest.perf_compare_zlib (335579 ms)
[ RUN      ] PerfTest.perf_compare_qat
Summary: orig 22883mb -> 7774mb ratio=0.339746 via zlib+qat/16384 in 278755 msec. cores/threads = 1/1
ctx switches 10261297, use(%) 37, user(%) 17, kernel(%) 18
[       OK ] PerfTest.perf_compare_qat (293041 ms)
[----------] 5 tests from PerfTest (895627 ms total)

[----------] Global test environment tear-down
[==========] 5 tests from 1 test case ran. (895628 ms total)
[  PASSED  ] 5 tests.
Note: Google Test filter = PerfTest*
[==========] Running 5 tests from 1 test case.
[----------] Global test environment set-up.
[----------] 5 tests from PerfTest
[ RUN      ] PerfTest.perf_compare_dummy
Summary: orig 22883mb -> 22883mb ratio=1 via none/65536 in 3387 msec. cores/threads = 1/1
ctx switches 182, use(%) 100, user(%) 98, kernel(%) 1
[       OK ] PerfTest.perf_compare_dummy (19403 ms)
[ RUN      ] PerfTest.perf_compare_snappy
Summary: orig 22883mb -> 9044mb ratio=0.395235 via snappy/65536 in 51811 msec. cores/threads = 1/1
ctx switches 5425, use(%) 100, user(%) 93, kernel(%) 7
[       OK ] PerfTest.perf_compare_snappy (64223 ms)
[ RUN      ] PerfTest.perf_compare_isal
Summary: orig 22883mb -> 8421mb ratio=0.36801 via zlib+isal/65536 in 63463 msec. cores/threads = 1/1
ctx switches 5828, use(%) 100, user(%) 99, kernel(%) 1
[       OK ] PerfTest.perf_compare_isal (75766 ms)
[ RUN      ] PerfTest.perf_compare_zlib
Summary: orig 22883mb -> 6675mb ratio=0.29174 via zlib/65536 in 275300 msec. cores/threads = 1/1
ctx switches 54364, use(%) 101, user(%) 95, kernel(%) 5
[       OK ] PerfTest.perf_compare_zlib (287654 ms)
[ RUN      ] PerfTest.perf_compare_qat
Summary: orig 22883mb -> 7484mb ratio=0.327073 via zlib+qat/65536 in 158306 msec. cores/threads = 1/1
ctx switches 4927274, use(%) 36, user(%) 18, kernel(%) 17
[       OK ] PerfTest.perf_compare_qat (173024 ms)
[----------] 5 tests from PerfTest (620070 ms total)

[----------] Global test environment tear-down
[==========] 5 tests from 1 test case ran. (620070 ms total)
[  PASSED  ] 5 tests.
Note: Google Test filter = PerfTest*
[==========] Running 5 tests from 1 test case.
[----------] Global test environment set-up.
[----------] 5 tests from PerfTest
[ RUN      ] PerfTest.perf_compare_dummy
Summary: orig 22883mb -> 22883mb ratio=1 via none/262144 in 4210 msec. cores/threads = 1/1
ctx switches 1445, use(%) 100, user(%) 100, kernel(%) 0
[       OK ] PerfTest.perf_compare_dummy (16395 ms)
[ RUN      ] PerfTest.perf_compare_snappy
Summary: orig 22883mb -> 9043mb ratio=0.395201 via snappy/262144 in 50353 msec. cores/threads = 1/1
ctx switches 12145, use(%) 100, user(%) 95, kernel(%) 4
[       OK ] PerfTest.perf_compare_snappy (62527 ms)
[ RUN      ] PerfTest.perf_compare_isal
Summary: orig 22883mb -> 8310mb ratio=0.363192 via zlib+isal/262144 in 60368 msec. cores/threads = 1/1
ctx switches 3767, use(%) 100, user(%) 99, kernel(%) 0
[       OK ] PerfTest.perf_compare_isal (72463 ms)
[ RUN      ] PerfTest.perf_compare_zlib
Summary: orig 22883mb -> 6564mb ratio=0.286855 via zlib/262144 in 275830 msec. cores/threads = 1/1
ctx switches 14051, use(%) 100, user(%) 96, kernel(%) 3
[       OK ] PerfTest.perf_compare_zlib (287848 ms)
[ RUN      ] PerfTest.perf_compare_qat
Summary: orig 22883mb -> 7420mb ratio=0.324286 via zlib+qat/262144 in 134814 msec. cores/threads = 1/1
ctx switches 4089890, use(%) 25, user(%) 18, kernel(%) 6
[       OK ] PerfTest.perf_compare_qat (149024 ms)
[----------] 5 tests from PerfTest (588257 ms total)

[----------] Global test environment tear-down
[==========] 5 tests from 1 test case ran. (588257 ms total)
[  PASSED  ] 5 tests.
Note: Google Test filter = PerfTest*
[==========] Running 5 tests from 1 test case.
[----------] Global test environment set-up.
[----------] 5 tests from PerfTest
[ RUN      ] PerfTest.perf_compare_dummy
Summary: orig 22883mb -> 22883mb ratio=1 via none/4194304 in 4653 msec. cores/threads = 1/1
ctx switches 257, use(%) 100, user(%) 100, kernel(%) 0
[       OK ] PerfTest.perf_compare_dummy (16520 ms)
[ RUN      ] PerfTest.perf_compare_snappy
Summary: orig 22883mb -> 9043mb ratio=0.39519 via snappy/4194304 in 51229 msec. cores/threads = 1/1
ctx switches 9988, use(%) 103, user(%) 96, kernel(%) 5
[       OK ] PerfTest.perf_compare_snappy (63132 ms)
[ RUN      ] PerfTest.perf_compare_isal
Summary: orig 22883mb -> 8276mb ratio=0.361688 via zlib+isal/4194304 in 60814 msec. cores/threads = 1/1
ctx switches 5212, use(%) 100, user(%) 100, kernel(%) 0
[       OK ] PerfTest.perf_compare_isal (72698 ms)
[ RUN      ] PerfTest.perf_compare_zlib
Summary: orig 22883mb -> 6528mb ratio=0.285316 via zlib/4194304 in 267419 msec. cores/threads = 1/1
ctx switches 13848, use(%) 100, user(%) 99, kernel(%) 0
[       OK ] PerfTest.perf_compare_zlib (279509 ms)
[ RUN      ] PerfTest.perf_compare_qat
Summary: orig 22883mb -> 7399mb ratio=0.323362 via zlib+qat/4194304 in 129861 msec. cores/threads = 1/1
ctx switches 3804786, use(%) 27, user(%) 20, kernel(%) 6
[       OK ] PerfTest.perf_compare_qat (145020 ms)
[----------] 5 tests from PerfTest (576879 ms total)

[----------] Global test environment tear-down
[==========] 5 tests from 1 test case ran. (576879 ms total)
[  PASSED  ] 5 tests.
