Note: Google Test filter = PerfTest*
[==========] Running 5 tests from 1 test case.
[----------] Global test environment set-up.
[----------] 5 tests from PerfTest
[ RUN      ] PerfTest.perf_compare_dummy
Summary: orig 22883mb -> 22883mb ratio=1 via none/8192 in 1259 msec. cores/threads = 4/16
ctx switches 845, use(%) 96, user(%) 94, kernel(%) 1
[       OK ] PerfTest.perf_compare_dummy (4670 ms)
[ RUN      ] PerfTest.perf_compare_snappy
Summary: orig 22883mb -> 10287mb ratio=0.449576 via snappy/8192 in 14739 msec. cores/threads = 4/16
ctx switches 9002, use(%) 100, user(%) 99, kernel(%) 0
[       OK ] PerfTest.perf_compare_snappy (18071 ms)
[ RUN      ] PerfTest.perf_compare_isal
Summary: orig 22883mb -> 9458mb ratio=0.41334 via zlib+isal/8192 in 23978 msec. cores/threads = 4/16
ctx switches 13145, use(%) 100, user(%) 99, kernel(%) 0
[       OK ] PerfTest.perf_compare_isal (27314 ms)
[ RUN      ] PerfTest.perf_compare_zlib
Summary: orig 22883mb -> 7512mb ratio=0.328286 via zlib/8192 in 91569 msec. cores/threads = 4/16
ctx switches 49845, use(%) 100, user(%) 99, kernel(%) 0
[       OK ] PerfTest.perf_compare_zlib (94897 ms)
[ RUN      ] PerfTest.perf_compare_qat
ADF_PROXY err: icp_adf_get_busAddress: Failed to get Device_BusAddress value
Summary: orig 22883mb -> 8086mb ratio=0.35336 via zlib+qat/8192 in 34895 msec. cores/threads = 4/16
ctx switches 5525130, use(%) 72, user(%) 28, kernel(%) 43
[       OK ] PerfTest.perf_compare_qat (41005 ms)
[----------] 5 tests from PerfTest (185958 ms total)

[----------] Global test environment tear-down
[==========] 5 tests from 1 test case ran. (185958 ms total)
[  PASSED  ] 5 tests.
Note: Google Test filter = PerfTest*
[==========] Running 5 tests from 1 test case.
[----------] Global test environment set-up.
[----------] 5 tests from PerfTest
[ RUN      ] PerfTest.perf_compare_dummy
Summary: orig 22883mb -> 22883mb ratio=1 via none/16384 in 1131 msec. cores/threads = 4/16
ctx switches 729, use(%) 98, user(%) 96, kernel(%) 1
[       OK ] PerfTest.perf_compare_dummy (4424 ms)
[ RUN      ] PerfTest.perf_compare_snappy
Summary: orig 22883mb -> 9731mb ratio=0.425288 via snappy/16384 in 14433 msec. cores/threads = 4/16
ctx switches 7832, use(%) 99, user(%) 99, kernel(%) 0
[       OK ] PerfTest.perf_compare_snappy (17635 ms)
[ RUN      ] PerfTest.perf_compare_isal
Summary: orig 22883mb -> 8862mb ratio=0.387299 via zlib+isal/16384 in 20511 msec. cores/threads = 4/16
ctx switches 11266, use(%) 99, user(%) 99, kernel(%) 0
[       OK ] PerfTest.perf_compare_isal (23705 ms)
[ RUN      ] PerfTest.perf_compare_zlib
Summary: orig 22883mb -> 7102mb ratio=0.3104 via zlib/16384 in 76594 msec. cores/threads = 4/16
ctx switches 41841, use(%) 100, user(%) 99, kernel(%) 0
[       OK ] PerfTest.perf_compare_zlib (79796 ms)
[ RUN      ] PerfTest.perf_compare_qat
Summary: orig 22883mb -> 7774mb ratio=0.339746 via zlib+qat/16384 in 22536 msec. cores/threads = 4/16
ctx switches 2942023, use(%) 66, user(%) 29, kernel(%) 36
[       OK ] PerfTest.perf_compare_qat (27004 ms)
[----------] 5 tests from PerfTest (152564 ms total)

[----------] Global test environment tear-down
[==========] 5 tests from 1 test case ran. (152564 ms total)
[  PASSED  ] 5 tests.
Note: Google Test filter = PerfTest*
[==========] Running 5 tests from 1 test case.
[----------] Global test environment set-up.
[----------] 5 tests from PerfTest
[ RUN      ] PerfTest.perf_compare_dummy
Summary: orig 22883mb -> 22883mb ratio=1 via none/65536 in 995 msec. cores/threads = 4/16
ctx switches 668, use(%) 99, user(%) 97, kernel(%) 2
[       OK ] PerfTest.perf_compare_dummy (4210 ms)
[ RUN      ] PerfTest.perf_compare_snappy
Summary: orig 22883mb -> 9044mb ratio=0.395235 via snappy/65536 in 15862 msec. cores/threads = 4/16
ctx switches 9183, use(%) 99, user(%) 90, kernel(%) 9
[       OK ] PerfTest.perf_compare_snappy (18962 ms)
[ RUN      ] PerfTest.perf_compare_isal
Summary: orig 22883mb -> 8421mb ratio=0.36801 via zlib+isal/65536 in 18719 msec. cores/threads = 4/16
ctx switches 10346, use(%) 99, user(%) 97, kernel(%) 1
[       OK ] PerfTest.perf_compare_isal (21823 ms)
[ RUN      ] PerfTest.perf_compare_zlib
Summary: orig 22883mb -> 6675mb ratio=0.29174 via zlib/65536 in 79680 msec. cores/threads = 4/16
ctx switches 44008, use(%) 100, user(%) 93, kernel(%) 6
[       OK ] PerfTest.perf_compare_zlib (82766 ms)
[ RUN      ] PerfTest.perf_compare_qat
Summary: orig 22883mb -> 7484mb ratio=0.327073 via zlib+qat/65536 in 10639 msec. cores/threads = 4/16
ctx switches 921828, use(%) 52, user(%) 30, kernel(%) 22
[       OK ] PerfTest.perf_compare_qat (15003 ms)
[----------] 5 tests from PerfTest (142764 ms total)

[----------] Global test environment tear-down
[==========] 5 tests from 1 test case ran. (142765 ms total)
[  PASSED  ] 5 tests.
Note: Google Test filter = PerfTest*
[==========] Running 5 tests from 1 test case.
[----------] Global test environment set-up.
[----------] 5 tests from PerfTest
[ RUN      ] PerfTest.perf_compare_dummy
Summary: orig 22883mb -> 22883mb ratio=1 via none/262144 in 1253 msec. cores/threads = 4/16
ctx switches 906, use(%) 93, user(%) 91, kernel(%) 1
[       OK ] PerfTest.perf_compare_dummy (4446 ms)
[ RUN      ] PerfTest.perf_compare_snappy
Summary: orig 22883mb -> 9043mb ratio=0.395201 via snappy/262144 in 31548 msec. cores/threads = 4/16
ctx switches 1982395, use(%) 64, user(%) 50, kernel(%) 14
[       OK ] PerfTest.perf_compare_snappy (34651 ms)
[ RUN      ] PerfTest.perf_compare_isal
Summary: orig 22883mb -> 8310mb ratio=0.363192 via zlib+isal/262144 in 17593 msec. cores/threads = 4/16
ctx switches 9810, use(%) 99, user(%) 99, kernel(%) 0
[       OK ] PerfTest.perf_compare_isal (20709 ms)
[ RUN      ] PerfTest.perf_compare_zlib
Summary: orig 22883mb -> 6564mb ratio=0.286855 via zlib/262144 in 80424 msec. cores/threads = 4/16
ctx switches 44925, use(%) 100, user(%) 96, kernel(%) 3
[       OK ] PerfTest.perf_compare_zlib (83527 ms)
[ RUN      ] PerfTest.perf_compare_qat
Summary: orig 22883mb -> 7420mb ratio=0.324286 via zlib+qat/262144 in 12880 msec. cores/threads = 4/16
ctx switches 758808, use(%) 45, user(%) 36, kernel(%) 8
[       OK ] PerfTest.perf_compare_qat (19004 ms)
[----------] 5 tests from PerfTest (162337 ms total)

[----------] Global test environment tear-down
[==========] 5 tests from 1 test case ran. (162337 ms total)
[  PASSED  ] 5 tests.
Note: Google Test filter = PerfTest*
[==========] Running 5 tests from 1 test case.
[----------] Global test environment set-up.
[----------] 5 tests from PerfTest
[ RUN      ] PerfTest.perf_compare_dummy
Summary: orig 22883mb -> 22883mb ratio=1 via none/4194304 in 2922 msec. cores/threads = 4/16
ctx switches 1938, use(%) 98, user(%) 97, kernel(%) 0
[       OK ] PerfTest.perf_compare_dummy (6057 ms)
[ RUN      ] PerfTest.perf_compare_snappy
Summary: orig 22883mb -> 9043mb ratio=0.39519 via snappy/4194304 in 28864 msec. cores/threads = 4/16
ctx switches 120926, use(%) 67, user(%) 63, kernel(%) 4
[       OK ] PerfTest.perf_compare_snappy (31921 ms)
[ RUN      ] PerfTest.perf_compare_isal
Summary: orig 22883mb -> 8276mb ratio=0.361688 via zlib+isal/4194304 in 18738 msec. cores/threads = 4/16
ctx switches 10836, use(%) 99, user(%) 99, kernel(%) 0
[       OK ] PerfTest.perf_compare_isal (21836 ms)
[ RUN      ] PerfTest.perf_compare_zlib
Summary: orig 22883mb -> 6528mb ratio=0.285316 via zlib/4194304 in 79042 msec. cores/threads = 4/16
ctx switches 44387, use(%) 99, user(%) 99, kernel(%) 0
[       OK ] PerfTest.perf_compare_zlib (82081 ms)
[ RUN      ] PerfTest.perf_compare_qat
Summary: orig 22883mb -> 7399mb ratio=0.323362 via zlib+qat/4194304 in 13291 msec. cores/threads = 4/16
ctx switches 690279, use(%) 44, user(%) 39, kernel(%) 3
[       OK ] PerfTest.perf_compare_qat (19004 ms)
[----------] 5 tests from PerfTest (160899 ms total)

[----------] Global test environment tear-down
[==========] 5 tests from 1 test case ran. (160899 ms total)
[  PASSED  ] 5 tests.
